// Jest Snapshot v1, https://goo.gl/fbAQLP

exports[`SetupCategoriesItem Should render correct snapshot 1`] = `
<div
  class="setup-categorys__item"
>
  <span
    class="setup-categorys__header"
  >
    Test title
  </span>
  <button
    class="button button_setup-categorys-item"
  >
    Редактировать
  </button>
</div>
`;
