// Jest Snapshot v1, https://goo.gl/fbAQLP

exports[`Categories Should render SelectCategories component when button is clicked 1`] = `
<Memo(observerComponent)
  addSelectdedCategories={[Function]}
  delSelectdedCategories={[Function]}
  selectdedCategories={
    Array [
      12,
      13,
    ]
  }
>
  <div
    className="categorys"
  >
    <CategoriesAddButton
      callback={[Function]}
    >
      <button
        className="categorys-add-button"
        onClick={[Function]}
      >
        Категории
      </button>
    </CategoriesAddButton>
    <div
      className="categorys-items-wrap"
    >
      <Component
        delCallback={[Function]}
        key="12"
        title="testCategoriesTitle_01"
      >
        <label
          className="category-item"
        >
          <div
            className="category-item__title"
          >
            testCategoriesTitle_01
          </div>
          <input
            className="category-item__input"
            name="category_item"
            type="checkbox"
          />
          <button
            className="category-item__close"
            onClick={[Function]}
          >
             
          </button>
        </label>
      </Component>
      <Component
        delCallback={[Function]}
        key="13"
        title="testCategoriesTitle_02"
      >
        <label
          className="category-item"
        >
          <div
            className="category-item__title"
          >
            testCategoriesTitle_02
          </div>
          <input
            className="category-item__input"
            name="category_item"
            type="checkbox"
          />
          <button
            className="category-item__close"
            onClick={[Function]}
          >
             
          </button>
        </label>
      </Component>
    </div>
  </div>
  <Memo(observerComponent)
    addSelectdedCategories={[Function]}
    delSelectdedCategories={[Function]}
    selectdedCategories={
      Array [
        12,
        13,
      ]
    }
    setIsOpen={[Function]}
  >
    <Popup
      className=""
      closeCallback={[Function]}
    >
      <div
        className="popup-wrap "
      >
        <div
          className="popup"
        >
          <div
            className="popup__close-wrap"
          >
            <button
              className="popup__close"
              onClick={[Function]}
            />
          </div>
          <div
            className="popup__content"
          >
            <div
              className="select-category-header"
            >
              Категории
            </div>
            <div
              className="select-category select-category_none"
            >
              <Component
                addCallback={[Function]}
                delCallback={[Function]}
                isActive={true}
                key="12"
                title="testCategoriesTitle_01"
              >
                <label
                  className="select-category-item"
                >
                  <input
                    checked={true}
                    className="select-category-item__input"
                    name="category_item"
                    onChange={[Function]}
                    type="checkbox"
                  />
                  <span
                    className="select-category-item__title"
                  >
                    testCategoriesTitle_01
                  </span>
                </label>
              </Component>
              <Component
                addCallback={[Function]}
                delCallback={[Function]}
                isActive={true}
                key="13"
                title="testCategoriesTitle_02"
              >
                <label
                  className="select-category-item"
                >
                  <input
                    checked={true}
                    className="select-category-item__input"
                    name="category_item"
                    onChange={[Function]}
                    type="checkbox"
                  />
                  <span
                    className="select-category-item__title"
                  >
                    testCategoriesTitle_02
                  </span>
                </label>
              </Component>
              <Component
                addCallback={[Function]}
                delCallback={[Function]}
                isActive={false}
                key="14"
                title="testCategoriesTitle_03"
              >
                <label
                  className="select-category-item"
                >
                  <input
                    checked={false}
                    className="select-category-item__input"
                    name="category_item"
                    onChange={[Function]}
                    type="checkbox"
                  />
                  <span
                    className="select-category-item__title"
                  >
                    testCategoriesTitle_03
                  </span>
                </label>
              </Component>
            </div>
          </div>
        </div>
      </div>
    </Popup>
  </Memo(observerComponent)>
</Memo(observerComponent)>
`;

exports[`Categories Should render html snapshot 1`] = `
<Fragment>
  <div
    className="categorys"
  >
    <CategoriesAddButton
      callback={[Function]}
    />
    <div
      className="categorys-items-wrap"
    >
      <Memo()
        delCallback={[Function]}
        key="12"
        title="testCategoriesTitle_01"
      />
      <Memo()
        delCallback={[Function]}
        key="13"
        title="testCategoriesTitle_02"
      />
    </div>
  </div>
</Fragment>
`;
